<html>
<body>
<pre>
<h1>礦ision Build Log</h1>
<h2>Project:</h2>
C:\Users\wcowboy\Desktop\杂货\mdk\Temp\USER\temp.uvproj
Project File Date:  03/18/2019

<h2>Output:</h2>
Build target 'Target 1'
compiling main.c...
linking...
Program Size: Code=2784 RO-data=336 RW-data=40 ZI-data=1632  
FromELF: creating hex file...
"..\OBJ\temp.axf" - 0 Error(s), 0 Warning(s).
Load "..\\OBJ\\temp.axf" 
Set JLink Project File to "C:\Users\wcowboy\Desktop\杂货\mdk\Temp\USER\JLinkSettings.ini"
* JLink Info: Device "STM32F103RC" selected.
 
JLink info:
------------
DLL: V5.02c, compiled Sep 10 2015 17:39:31
Firmware: J-Link ARM V8 compiled Nov 28 2014 13:44:46
Hardware: V8.00
S/N : 304423265 
Feature(s) : RDI,FlashDL,FlashBP,JFlash,GDBFULL 
 
* JLink Info: Found SWD-DP with ID 0x1BA01477
* JLink Info: Found SWD-DP with ID 0x1BA01477
* JLink Info: Found Cortex-M3 r1p1, Little endian.
* JLink Info: FPUnit: 6 code (BP) slots and 2 literal slots
* JLink Info: CoreSight components:
* JLink Info: ROMTbl 0 @ E00FF000
* JLink Info: ROMTbl 0 [0]: FFF0F000, CID: B105E00D, PID: 001BB000 SCS
* JLink Info: ROMTbl 0 [1]: FFF02000, CID: B105E00D, PID: 001BB002 DWT
* JLink Info: ROMTbl 0 [2]: FFF03000, CID: B105E00D, PID: 000BB003 FPB
* JLink Info: ROMTbl 0 [3]: FFF01000, CID: B105E00D, PID: 001BB001 ITM
* JLink Info: ROMTbl 0 [4]: FFF41000, CID: B105900D, PID: 001BB923 TPIU-Lite
* JLink Info: ROMTbl 0 [5]: FFF42000, CID: B105900D, PID: 101BB924 ETM-M3
ROMTableAddr = 0xE00FF003
 
Target info:
------------
Device: STM32F103RC
VTarget = 3.319V
State of Pins: 
TCK: 0, TDI: 1, TDO: 1, TMS: 1, TRES: 1, TRST: 1
Hardware-Breakpoints: 6
Software-Breakpoints: 8192
Watchpoints:          4
JTAG speed: 4000 kHz
 
Erase Done.
Programming Done.
Verify OK.
Load "..\\OBJ\\temp.axf" 
Set JLink Project File to "C:\Users\wcowboy\Desktop\杂货\mdk\Temp\USER\JLinkSettings.ini"
* JLink Info: Device "STM32F103RC" selected.
 
JLink info:
------------
DLL: V5.02c, compiled Sep 10 2015 17:39:31
Firmware: J-Link ARM V8 compiled Nov 28 2014 13:44:46
Hardware: V8.00
S/N : 304423265 
Feature(s) : RDI,FlashDL,FlashBP,JFlash,GDBFULL 
 
* JLink Info: Found SWD-DP with ID 0x1BA01477
* JLink Info: Found SWD-DP with ID 0x1BA01477
* JLink Info: Found Cortex-M3 r1p1, Little endian.
* JLink Info: FPUnit: 6 code (BP) slots and 2 literal slots
* JLink Info: CoreSight components:
* JLink Info: ROMTbl 0 @ E00FF000
* JLink Info: ROMTbl 0 [0]: FFF0F000, CID: B105E00D, PID: 001BB000 SCS
* JLink Info: ROMTbl 0 [1]: FFF02000, CID: B105E00D, PID: 001BB002 DWT
* JLink Info: ROMTbl 0 [2]: FFF03000, CID: B105E00D, PID: 000BB003 FPB
* JLink Info: ROMTbl 0 [3]: FFF01000, CID: B105E00D, PID: 001BB001 ITM
* JLink Info: ROMTbl 0 [4]: FFF41000, CID: B105900D, PID: 001BB923 TPIU-Lite
* JLink Info: ROMTbl 0 [5]: FFF42000, CID: B105900D, PID: 101BB924 ETM-M3
ROMTableAddr = 0xE00FF003
 
Target info:
------------
Device: STM32F103RC
VTarget = 3.319V
State of Pins: 
TCK: 0, TDI: 1, TDO: 1, TMS: 1, TRES: 1, TRST: 1
Hardware-Breakpoints: 6
Software-Breakpoints: 8192
Watchpoints:          4
JTAG speed: 4000 kHz
 
Erase Done.
Programming Failed!
Error: Flash Download failed  -  "Cortex-M3"
Load "..\\OBJ\\temp.axf" 
Set JLink Project File to "C:\Users\wcowboy\Desktop\杂货\mdk\Temp\USER\JLinkSettings.ini"
* JLink Info: Device "STM32F103RC" selected.
 
JLink info:
------------
DLL: V5.02c, compiled Sep 10 2015 17:39:31
Firmware: J-Link ARM V8 compiled Nov 28 2014 13:44:46
Hardware: V8.00
S/N : 304423265 
Feature(s) : RDI,FlashDL,FlashBP,JFlash,GDBFULL 
 
* JLink Info: Found SWD-DP with ID 0x1BA01477
* JLink Info: Found SWD-DP with ID 0x1BA01477
* JLink Info: Found Cortex-M3 r1p1, Little endian.
* JLink Info: FPUnit: 6 code (BP) slots and 2 literal slots
* JLink Info: CoreSight components:
* JLink Info: ROMTbl 0 @ E00FF000
* JLink Info: ROMTbl 0 [0]: FFF0F000, CID: B105E00D, PID: 001BB000 SCS
* JLink Info: ROMTbl 0 [1]: FFF02000, CID: B105E00D, PID: 001BB002 DWT
* JLink Info: ROMTbl 0 [2]: FFF03000, CID: B105E00D, PID: 000BB003 FPB
* JLink Info: ROMTbl 0 [3]: FFF01000, CID: B105E00D, PID: 001BB001 ITM
* JLink Info: ROMTbl 0 [4]: FFF41000, CID: B105900D, PID: 001BB923 TPIU-Lite
* JLink Info: ROMTbl 0 [5]: FFF42000, CID: B105900D, PID: 101BB924 ETM-M3
ROMTableAddr = 0xE00FF003
 
Target info:
------------
Device: STM32F103RC
VTarget = 3.319V
State of Pins: 
TCK: 0, TDI: 1, TDO: 1, TMS: 1, TRES: 1, TRST: 1
Hardware-Breakpoints: 6
Software-Breakpoints: 8192
Watchpoints:          4
JTAG speed: 4000 kHz
 
Erase Done.
Programming Done.
Verify OK.
   4
JTAG speed: 4000 kHz
 
Erase Done.
Programming Done.
Verify OK.
